Archive member included to satisfy reference by file (symbol)

c:/ac6/systemworkbench/plugins/fr.ac6.mcu.externaltools.arm-none.win32_1.15.0.201708311556/tools/compiler/bin/../lib/gcc/arm-none-eabi/6.3.1/../../../../arm-none-eabi/lib/thumb/v7e-m/fpv4-sp/hard\libc.a(lib_a-errno.o)
                              startup/sysmem.o (__errno)
c:/ac6/systemworkbench/plugins/fr.ac6.mcu.externaltools.arm-none.win32_1.15.0.201708311556/tools/compiler/bin/../lib/gcc/arm-none-eabi/6.3.1/../../../../arm-none-eabi/lib/thumb/v7e-m/fpv4-sp/hard\libc.a(lib_a-exit.o)
                              c:/ac6/systemworkbench/plugins/fr.ac6.mcu.externaltools.arm-none.win32_1.15.0.201708311556/tools/compiler/bin/../lib/gcc/arm-none-eabi/6.3.1/../../../../arm-none-eabi/lib/thumb/v7e-m/fpv4-sp/hard/crt0.o (exit)
c:/ac6/systemworkbench/plugins/fr.ac6.mcu.externaltools.arm-none.win32_1.15.0.201708311556/tools/compiler/bin/../lib/gcc/arm-none-eabi/6.3.1/../../../../arm-none-eabi/lib/thumb/v7e-m/fpv4-sp/hard\libc.a(lib_a-impure.o)
                              c:/ac6/systemworkbench/plugins/fr.ac6.mcu.externaltools.arm-none.win32_1.15.0.201708311556/tools/compiler/bin/../lib/gcc/arm-none-eabi/6.3.1/../../../../arm-none-eabi/lib/thumb/v7e-m/fpv4-sp/hard\libc.a(lib_a-exit.o) (_global_impure_ptr)
c:/ac6/systemworkbench/plugins/fr.ac6.mcu.externaltools.arm-none.win32_1.15.0.201708311556/tools/compiler/bin/../lib/gcc/arm-none-eabi/6.3.1/../../../../arm-none-eabi/lib/thumb/v7e-m/fpv4-sp/hard\libc.a(lib_a-init.o)
                              c:/ac6/systemworkbench/plugins/fr.ac6.mcu.externaltools.arm-none.win32_1.15.0.201708311556/tools/compiler/bin/../lib/gcc/arm-none-eabi/6.3.1/../../../../arm-none-eabi/lib/thumb/v7e-m/fpv4-sp/hard/crt0.o (__libc_init_array)
c:/ac6/systemworkbench/plugins/fr.ac6.mcu.externaltools.arm-none.win32_1.15.0.201708311556/tools/compiler/bin/../lib/gcc/arm-none-eabi/6.3.1/../../../../arm-none-eabi/lib/thumb/v7e-m/fpv4-sp/hard\libc.a(lib_a-memset.o)
                              c:/ac6/systemworkbench/plugins/fr.ac6.mcu.externaltools.arm-none.win32_1.15.0.201708311556/tools/compiler/bin/../lib/gcc/arm-none-eabi/6.3.1/../../../../arm-none-eabi/lib/thumb/v7e-m/fpv4-sp/hard/crt0.o (memset)
c:/ac6/systemworkbench/plugins/fr.ac6.mcu.externaltools.arm-none.win32_1.15.0.201708311556/tools/compiler/bin/../lib/gcc/arm-none-eabi/6.3.1/../../../../arm-none-eabi/lib/thumb/v7e-m/fpv4-sp/hard\libc.a(lib_a-__call_atexit.o)
                              c:/ac6/systemworkbench/plugins/fr.ac6.mcu.externaltools.arm-none.win32_1.15.0.201708311556/tools/compiler/bin/../lib/gcc/arm-none-eabi/6.3.1/../../../../arm-none-eabi/lib/thumb/v7e-m/fpv4-sp/hard\libc.a(lib_a-exit.o) (__call_exitprocs)
c:/ac6/systemworkbench/plugins/fr.ac6.mcu.externaltools.arm-none.win32_1.15.0.201708311556/tools/compiler/bin/../lib/gcc/arm-none-eabi/6.3.1/../../../../arm-none-eabi/lib/thumb/v7e-m/fpv4-sp/hard\libc.a(lib_a-atexit.o)
                              c:/ac6/systemworkbench/plugins/fr.ac6.mcu.externaltools.arm-none.win32_1.15.0.201708311556/tools/compiler/bin/../lib/gcc/arm-none-eabi/6.3.1/../../../../arm-none-eabi/lib/thumb/v7e-m/fpv4-sp/hard\libc.a(lib_a-__call_atexit.o) (atexit)
c:/ac6/systemworkbench/plugins/fr.ac6.mcu.externaltools.arm-none.win32_1.15.0.201708311556/tools/compiler/bin/../lib/gcc/arm-none-eabi/6.3.1/../../../../arm-none-eabi/lib/thumb/v7e-m/fpv4-sp/hard\libc.a(lib_a-fini.o)
                              c:/ac6/systemworkbench/plugins/fr.ac6.mcu.externaltools.arm-none.win32_1.15.0.201708311556/tools/compiler/bin/../lib/gcc/arm-none-eabi/6.3.1/../../../../arm-none-eabi/lib/thumb/v7e-m/fpv4-sp/hard\libc.a(lib_a-__call_atexit.o) (__libc_fini_array)
c:/ac6/systemworkbench/plugins/fr.ac6.mcu.externaltools.arm-none.win32_1.15.0.201708311556/tools/compiler/bin/../lib/gcc/arm-none-eabi/6.3.1/../../../../arm-none-eabi/lib/thumb/v7e-m/fpv4-sp/hard\libc.a(lib_a-lock.o)
                              c:/ac6/systemworkbench/plugins/fr.ac6.mcu.externaltools.arm-none.win32_1.15.0.201708311556/tools/compiler/bin/../lib/gcc/arm-none-eabi/6.3.1/../../../../arm-none-eabi/lib/thumb/v7e-m/fpv4-sp/hard\libc.a(lib_a-__call_atexit.o) (__retarget_lock_acquire_recursive)
c:/ac6/systemworkbench/plugins/fr.ac6.mcu.externaltools.arm-none.win32_1.15.0.201708311556/tools/compiler/bin/../lib/gcc/arm-none-eabi/6.3.1/../../../../arm-none-eabi/lib/thumb/v7e-m/fpv4-sp/hard\libc.a(lib_a-__atexit.o)
                              c:/ac6/systemworkbench/plugins/fr.ac6.mcu.externaltools.arm-none.win32_1.15.0.201708311556/tools/compiler/bin/../lib/gcc/arm-none-eabi/6.3.1/../../../../arm-none-eabi/lib/thumb/v7e-m/fpv4-sp/hard\libc.a(lib_a-atexit.o) (__register_exitproc)

Allocating common symbols
Common symbol       size              file

__lock___atexit_recursive_mutex
                    0x1               c:/ac6/systemworkbench/plugins/fr.ac6.mcu.externaltools.arm-none.win32_1.15.0.201708311556/tools/compiler/bin/../lib/gcc/arm-none-eabi/6.3.1/../../../../arm-none-eabi/lib/thumb/v7e-m/fpv4-sp/hard\libc.a(lib_a-lock.o)
dev                 0xc               src/main.o
__lock___arc4random_mutex
                    0x1               c:/ac6/systemworkbench/plugins/fr.ac6.mcu.externaltools.arm-none.win32_1.15.0.201708311556/tools/compiler/bin/../lib/gcc/arm-none-eabi/6.3.1/../../../../arm-none-eabi/lib/thumb/v7e-m/fpv4-sp/hard\libc.a(lib_a-lock.o)
__lock___env_recursive_mutex
                    0x1               c:/ac6/systemworkbench/plugins/fr.ac6.mcu.externaltools.arm-none.win32_1.15.0.201708311556/tools/compiler/bin/../lib/gcc/arm-none-eabi/6.3.1/../../../../arm-none-eabi/lib/thumb/v7e-m/fpv4-sp/hard\libc.a(lib_a-lock.o)
__lock___sinit_recursive_mutex
                    0x1               c:/ac6/systemworkbench/plugins/fr.ac6.mcu.externaltools.arm-none.win32_1.15.0.201708311556/tools/compiler/bin/../lib/gcc/arm-none-eabi/6.3.1/../../../../arm-none-eabi/lib/thumb/v7e-m/fpv4-sp/hard\libc.a(lib_a-lock.o)
__lock___malloc_recursive_mutex
                    0x1               c:/ac6/systemworkbench/plugins/fr.ac6.mcu.externaltools.arm-none.win32_1.15.0.201708311556/tools/compiler/bin/../lib/gcc/arm-none-eabi/6.3.1/../../../../arm-none-eabi/lib/thumb/v7e-m/fpv4-sp/hard\libc.a(lib_a-lock.o)
msTicks             0x4               src/main.o
__lock___at_quick_exit_mutex
                    0x1               c:/ac6/systemworkbench/plugins/fr.ac6.mcu.externaltools.arm-none.win32_1.15.0.201708311556/tools/compiler/bin/../lib/gcc/arm-none-eabi/6.3.1/../../../../arm-none-eabi/lib/thumb/v7e-m/fpv4-sp/hard\libc.a(lib_a-lock.o)
__lock___dd_hash_mutex
                    0x1               c:/ac6/systemworkbench/plugins/fr.ac6.mcu.externaltools.arm-none.win32_1.15.0.201708311556/tools/compiler/bin/../lib/gcc/arm-none-eabi/6.3.1/../../../../arm-none-eabi/lib/thumb/v7e-m/fpv4-sp/hard\libc.a(lib_a-lock.o)
__lock___tz_mutex   0x1               c:/ac6/systemworkbench/plugins/fr.ac6.mcu.externaltools.arm-none.win32_1.15.0.201708311556/tools/compiler/bin/../lib/gcc/arm-none-eabi/6.3.1/../../../../arm-none-eabi/lib/thumb/v7e-m/fpv4-sp/hard\libc.a(lib_a-lock.o)
__lock___sfp_recursive_mutex
                    0x1               c:/ac6/systemworkbench/plugins/fr.ac6.mcu.externaltools.arm-none.win32_1.15.0.201708311556/tools/compiler/bin/../lib/gcc/arm-none-eabi/6.3.1/../../../../arm-none-eabi/lib/thumb/v7e-m/fpv4-sp/hard\libc.a(lib_a-lock.o)

Discarded input sections

 .text          0x00000000        0x0 c:/ac6/systemworkbench/plugins/fr.ac6.mcu.externaltools.arm-none.win32_1.15.0.201708311556/tools/compiler/bin/../lib/gcc/arm-none-eabi/6.3.1/thumb/v7e-m/fpv4-sp/hard/crti.o
 .data          0x00000000        0x0 c:/ac6/systemworkbench/plugins/fr.ac6.mcu.externaltools.arm-none.win32_1.15.0.201708311556/tools/compiler/bin/../lib/gcc/arm-none-eabi/6.3.1/thumb/v7e-m/fpv4-sp/hard/crti.o
 .bss           0x00000000        0x0 c:/ac6/systemworkbench/plugins/fr.ac6.mcu.externaltools.arm-none.win32_1.15.0.201708311556/tools/compiler/bin/../lib/gcc/arm-none-eabi/6.3.1/thumb/v7e-m/fpv4-sp/hard/crti.o
 .data          0x00000000        0x4 c:/ac6/systemworkbench/plugins/fr.ac6.mcu.externaltools.arm-none.win32_1.15.0.201708311556/tools/compiler/bin/../lib/gcc/arm-none-eabi/6.3.1/thumb/v7e-m/fpv4-sp/hard/crtbegin.o
 .text          0x00000000       0x74 c:/ac6/systemworkbench/plugins/fr.ac6.mcu.externaltools.arm-none.win32_1.15.0.201708311556/tools/compiler/bin/../lib/gcc/arm-none-eabi/6.3.1/../../../../arm-none-eabi/lib/thumb/v7e-m/fpv4-sp/hard/crt0.o
 .data          0x00000000        0x0 c:/ac6/systemworkbench/plugins/fr.ac6.mcu.externaltools.arm-none.win32_1.15.0.201708311556/tools/compiler/bin/../lib/gcc/arm-none-eabi/6.3.1/../../../../arm-none-eabi/lib/thumb/v7e-m/fpv4-sp/hard/crt0.o
 .bss           0x00000000        0x0 c:/ac6/systemworkbench/plugins/fr.ac6.mcu.externaltools.arm-none.win32_1.15.0.201708311556/tools/compiler/bin/../lib/gcc/arm-none-eabi/6.3.1/../../../../arm-none-eabi/lib/thumb/v7e-m/fpv4-sp/hard/crt0.o
 .ARM.extab     0x00000000        0x0 c:/ac6/systemworkbench/plugins/fr.ac6.mcu.externaltools.arm-none.win32_1.15.0.201708311556/tools/compiler/bin/../lib/gcc/arm-none-eabi/6.3.1/../../../../arm-none-eabi/lib/thumb/v7e-m/fpv4-sp/hard/crt0.o
 .ARM.exidx     0x00000000        0x8 c:/ac6/systemworkbench/plugins/fr.ac6.mcu.externaltools.arm-none.win32_1.15.0.201708311556/tools/compiler/bin/../lib/gcc/arm-none-eabi/6.3.1/../../../../arm-none-eabi/lib/thumb/v7e-m/fpv4-sp/hard/crt0.o
 .ARM.attributes
                0x00000000       0x20 c:/ac6/systemworkbench/plugins/fr.ac6.mcu.externaltools.arm-none.win32_1.15.0.201708311556/tools/compiler/bin/../lib/gcc/arm-none-eabi/6.3.1/../../../../arm-none-eabi/lib/thumb/v7e-m/fpv4-sp/hard/crt0.o
 .group         0x00000000        0x8 src/7seg.o
 .group         0x00000000        0x8 src/7seg.o
 .group         0x00000000        0x8 src/7seg.o
 .group         0x00000000        0x8 src/7seg.o
 .group         0x00000000        0x8 src/7seg.o
 .group         0x00000000        0x8 src/7seg.o
 .group         0x00000000        0x8 src/7seg.o
 .group         0x00000000        0x8 src/7seg.o
 .group         0x00000000        0x8 src/7seg.o
 .group         0x00000000        0x8 src/7seg.o
 .group         0x00000000        0x8 src/7seg.o
 .group         0x00000000        0x8 src/7seg.o
 .group         0x00000000        0x8 src/7seg.o
 .text          0x00000000        0x0 src/7seg.o
 .data          0x00000000        0x0 src/7seg.o
 .bss           0x00000000        0x0 src/7seg.o
 .group         0x00000000        0x8 src/EXTI.o
 .group         0x00000000        0x8 src/EXTI.o
 .group         0x00000000        0x8 src/EXTI.o
 .group         0x00000000        0x8 src/EXTI.o
 .group         0x00000000        0x8 src/EXTI.o
 .group         0x00000000        0x8 src/EXTI.o
 .group         0x00000000        0x8 src/EXTI.o
 .group         0x00000000        0x8 src/EXTI.o
 .group         0x00000000        0x8 src/EXTI.o
 .group         0x00000000        0x8 src/EXTI.o
 .group         0x00000000        0x8 src/EXTI.o
 .group         0x00000000        0x8 src/EXTI.o
 .text          0x00000000        0x0 src/EXTI.o
 .data          0x00000000        0x0 src/EXTI.o
 .bss           0x00000000        0x0 src/EXTI.o
 .debug_macro   0x00000000      0x8c2 src/EXTI.o
 .debug_macro   0x00000000       0x22 src/EXTI.o
 .debug_macro   0x00000000       0x87 src/EXTI.o
 .debug_macro   0x00000000       0x51 src/EXTI.o
 .debug_macro   0x00000000       0xef src/EXTI.o
 .debug_macro   0x00000000       0x6a src/EXTI.o
 .debug_macro   0x00000000      0x1df src/EXTI.o
 .debug_macro   0x00000000       0x35 src/EXTI.o
 .debug_macro   0x00000000       0x50 src/EXTI.o
 .debug_macro   0x00000000      0xe66 src/EXTI.o
 .group         0x00000000        0x8 src/Encoder.o
 .group         0x00000000        0x8 src/Encoder.o
 .group         0x00000000        0x8 src/Encoder.o
 .group         0x00000000        0x8 src/Encoder.o
 .group         0x00000000        0x8 src/Encoder.o
 .group         0x00000000        0x8 src/Encoder.o
 .group         0x00000000        0x8 src/Encoder.o
 .group         0x00000000        0x8 src/Encoder.o
 .group         0x00000000        0x8 src/Encoder.o
 .group         0x00000000        0x8 src/Encoder.o
 .group         0x00000000        0x8 src/Encoder.o
 .group         0x00000000        0x8 src/Encoder.o
 .text          0x00000000        0x0 src/Encoder.o
 .data          0x00000000        0x0 src/Encoder.o
 .bss           0x00000000        0x0 src/Encoder.o
 .debug_macro   0x00000000      0x8c2 src/Encoder.o
 .debug_macro   0x00000000       0x28 src/Encoder.o
 .debug_macro   0x00000000       0x22 src/Encoder.o
 .debug_macro   0x00000000       0x87 src/Encoder.o
 .debug_macro   0x00000000       0x51 src/Encoder.o
 .debug_macro   0x00000000       0xef src/Encoder.o
 .debug_macro   0x00000000       0x6a src/Encoder.o
 .debug_macro   0x00000000      0x1df src/Encoder.o
 .debug_macro   0x00000000       0x35 src/Encoder.o
 .debug_macro   0x00000000       0x50 src/Encoder.o
 .debug_macro   0x00000000      0xe66 src/Encoder.o
 .debug_macro   0x00000000    0x1a16e src/Encoder.o
 .group         0x00000000        0x8 src/PWM.o
 .group         0x00000000        0x8 src/PWM.o
 .group         0x00000000        0x8 src/PWM.o
 .group         0x00000000        0x8 src/PWM.o
 .group         0x00000000        0x8 src/PWM.o
 .group         0x00000000        0x8 src/PWM.o
 .group         0x00000000        0x8 src/PWM.o
 .group         0x00000000        0x8 src/PWM.o
 .group         0x00000000        0x8 src/PWM.o
 .group         0x00000000        0x8 src/PWM.o
 .group         0x00000000        0x8 src/PWM.o
 .group         0x00000000        0x8 src/PWM.o
 .text          0x00000000        0x0 src/PWM.o
 .data          0x00000000        0x0 src/PWM.o
 .bss           0x00000000        0x0 src/PWM.o
 .text.timer_disable
                0x00000000       0x48 src/PWM.o
 .text.timer_stop
                0x00000000       0x20 src/PWM.o
 .debug_macro   0x00000000      0x8c2 src/PWM.o
 .debug_macro   0x00000000       0x28 src/PWM.o
 .debug_macro   0x00000000       0x22 src/PWM.o
 .debug_macro   0x00000000       0x87 src/PWM.o
 .debug_macro   0x00000000       0x51 src/PWM.o
 .debug_macro   0x00000000       0xef src/PWM.o
 .debug_macro   0x00000000       0x6a src/PWM.o
 .debug_macro   0x00000000      0x1df src/PWM.o
 .debug_macro   0x00000000       0x35 src/PWM.o
 .debug_macro   0x00000000       0x50 src/PWM.o
 .debug_macro   0x00000000      0xe66 src/PWM.o
 .debug_macro   0x00000000    0x1a16e src/PWM.o
 .group         0x00000000        0x8 src/led.o
 .group         0x00000000        0x8 src/led.o
 .group         0x00000000        0x8 src/led.o
 .group         0x00000000        0x8 src/led.o
 .group         0x00000000        0x8 src/led.o
 .group         0x00000000        0x8 src/led.o
 .group         0x00000000        0x8 src/led.o
 .group         0x00000000        0x8 src/led.o
 .group         0x00000000        0x8 src/led.o
 .group         0x00000000        0x8 src/led.o
 .group         0x00000000        0x8 src/led.o
 .group         0x00000000        0x8 src/led.o
 .text          0x00000000        0x0 src/led.o
 .data          0x00000000        0x0 src/led.o
 .bss           0x00000000        0x0 src/led.o
 .debug_macro   0x00000000      0x8c2 src/led.o
 .debug_macro   0x00000000       0x28 src/led.o
 .debug_macro   0x00000000       0x22 src/led.o
 .debug_macro   0x00000000       0x87 src/led.o
 .debug_macro   0x00000000       0x51 src/led.o
 .debug_macro   0x00000000       0xef src/led.o
 .debug_macro   0x00000000       0x6a src/led.o
 .debug_macro   0x00000000      0x1df src/led.o
 .debug_macro   0x00000000       0x35 src/led.o
 .debug_macro   0x00000000       0x50 src/led.o
 .debug_macro   0x00000000      0xe66 src/led.o
 .debug_macro   0x00000000    0x1a16e src/led.o
 .group         0x00000000        0x8 src/main.o
 .group         0x00000000        0x8 src/main.o
 .group         0x00000000        0x8 src/main.o
 .group         0x00000000        0x8 src/main.o
 .group         0x00000000        0x8 src/main.o
 .group         0x00000000        0x8 src/main.o
 .group         0x00000000        0x8 src/main.o
 .group         0x00000000        0x8 src/main.o
 .group         0x00000000        0x8 src/main.o
 .group         0x00000000        0x8 src/main.o
 .group         0x00000000        0x8 src/main.o
 .group         0x00000000        0x8 src/main.o
 .group         0x00000000        0x8 src/main.o
 .group         0x00000000        0x8 src/main.o
 .group         0x00000000        0x8 src/main.o
 .group         0x00000000        0x8 src/main.o
 .group         0x00000000        0x8 src/main.o
 .group         0x00000000        0x8 src/main.o
 .group         0x00000000        0x8 src/main.o
 .group         0x00000000        0x8 src/main.o
 .group         0x00000000        0x8 src/main.o
 .group         0x00000000        0x8 src/main.o
 .group         0x00000000        0x8 src/main.o
 .group         0x00000000        0x8 src/main.o
 .group         0x00000000        0x8 src/main.o
 .group         0x00000000        0x8 src/main.o
 .group         0x00000000        0x8 src/main.o
 .group         0x00000000        0x8 src/main.o
 .group         0x00000000        0x8 src/main.o
 .group         0x00000000        0x8 src/main.o
 .group         0x00000000        0x8 src/main.o
 .group         0x00000000        0x8 src/main.o
 .group         0x00000000        0x8 src/main.o
 .group         0x00000000        0x8 src/main.o
 .group         0x00000000        0x8 src/main.o
 .group         0x00000000        0x8 src/main.o
 .text          0x00000000        0x0 src/main.o
 .debug_macro   0x00000000      0x8c2 src/main.o
 .debug_macro   0x00000000       0x22 src/main.o
 .debug_macro   0x00000000       0x6a src/main.o
 .debug_macro   0x00000000       0x28 src/main.o
 .debug_macro   0x00000000       0xef src/main.o
 .debug_macro   0x00000000      0x1df src/main.o
 .debug_macro   0x00000000       0x35 src/main.o
 .debug_macro   0x00000000       0x50 src/main.o
 .debug_macro   0x00000000      0xe66 src/main.o
 .debug_macro   0x00000000    0x1a16e src/main.o
 .group         0x00000000        0x8 src/motor.o
 .group         0x00000000        0x8 src/motor.o
 .group         0x00000000        0x8 src/motor.o
 .group         0x00000000        0x8 src/motor.o
 .group         0x00000000        0x8 src/motor.o
 .group         0x00000000        0x8 src/motor.o
 .group         0x00000000        0x8 src/motor.o
 .group         0x00000000        0x8 src/motor.o
 .group         0x00000000        0x8 src/motor.o
 .group         0x00000000        0x8 src/motor.o
 .group         0x00000000        0x8 src/motor.o
 .group         0x00000000        0x8 src/motor.o
 .text          0x00000000        0x0 src/motor.o
 .data          0x00000000        0x0 src/motor.o
 .bss           0x00000000        0x0 src/motor.o
 .text.clockwise_rotate
                0x00000000       0x2e src/motor.o
 .debug_macro   0x00000000      0x8c2 src/motor.o
 .debug_macro   0x00000000       0x28 src/motor.o
 .debug_macro   0x00000000       0x22 src/motor.o
 .debug_macro   0x00000000       0x87 src/motor.o
 .debug_macro   0x00000000       0x51 src/motor.o
 .debug_macro   0x00000000       0xef src/motor.o
 .debug_macro   0x00000000       0x6a src/motor.o
 .debug_macro   0x00000000      0x1df src/motor.o
 .debug_macro   0x00000000       0x35 src/motor.o
 .debug_macro   0x00000000       0x50 src/motor.o
 .debug_macro   0x00000000      0xe66 src/motor.o
 .debug_macro   0x00000000    0x1a16e src/motor.o
 .text          0x00000000       0x14 startup/startup_stm32.o
 .data          0x00000000        0x0 startup/startup_stm32.o
 .bss           0x00000000        0x0 startup/startup_stm32.o
 .group         0x00000000        0x8 startup/sysmem.o
 .group         0x00000000        0x8 startup/sysmem.o
 .group         0x00000000        0x8 startup/sysmem.o
 .group         0x00000000        0x8 startup/sysmem.o
 .group         0x00000000        0x8 startup/sysmem.o
 .group         0x00000000        0x8 startup/sysmem.o
 .group         0x00000000        0x8 startup/sysmem.o
 .group         0x00000000        0x8 startup/sysmem.o
 .group         0x00000000        0x8 startup/sysmem.o
 .group         0x00000000        0x8 startup/sysmem.o
 .group         0x00000000        0x8 startup/sysmem.o
 .group         0x00000000        0x8 startup/sysmem.o
 .group         0x00000000        0x8 startup/sysmem.o
 .group         0x00000000        0x8 startup/sysmem.o
 .group         0x00000000        0x8 startup/sysmem.o
 .group         0x00000000        0x8 startup/sysmem.o
 .group         0x00000000        0x8 startup/sysmem.o
 .group         0x00000000        0x8 startup/sysmem.o
 .group         0x00000000        0x8 startup/sysmem.o
 .group         0x00000000        0x8 startup/sysmem.o
 .group         0x00000000        0x8 startup/sysmem.o
 .group         0x00000000        0x8 startup/sysmem.o
 .group         0x00000000        0x8 startup/sysmem.o
 .group         0x00000000        0x8 startup/sysmem.o
 .group         0x00000000        0x8 startup/sysmem.o
 .group         0x00000000        0x8 startup/sysmem.o
 .group         0x00000000        0x8 startup/sysmem.o
 .group         0x00000000        0x8 startup/sysmem.o
 .group         0x00000000        0x8 startup/sysmem.o
 .text          0x00000000        0x0 startup/sysmem.o
 .data          0x00000000        0x0 startup/sysmem.o
 .bss           0x00000000        0x4 startup/sysmem.o
 .text._sbrk    0x00000000       0x58 startup/sysmem.o
 .debug_info    0x00000000      0x933 startup/sysmem.o
 .debug_abbrev  0x00000000      0x1f1 startup/sysmem.o
 .debug_aranges
                0x00000000       0x20 startup/sysmem.o
 .debug_ranges  0x00000000       0x10 startup/sysmem.o
 .debug_macro   0x00000000      0x1a1 startup/sysmem.o
 .debug_macro   0x00000000      0x8c2 startup/sysmem.o
 .debug_macro   0x00000000       0x10 startup/sysmem.o
 .debug_macro   0x00000000       0x22 startup/sysmem.o
 .debug_macro   0x00000000       0x52 startup/sysmem.o
 .debug_macro   0x00000000       0x8d startup/sysmem.o
 .debug_macro   0x00000000       0x35 startup/sysmem.o
 .debug_macro   0x00000000       0x9c startup/sysmem.o
 .debug_macro   0x00000000      0x174 startup/sysmem.o
 .debug_macro   0x00000000       0x57 startup/sysmem.o
 .debug_macro   0x00000000       0x58 startup/sysmem.o
 .debug_macro   0x00000000       0x1f startup/sysmem.o
 .debug_macro   0x00000000       0x43 startup/sysmem.o
 .debug_macro   0x00000000       0x20 startup/sysmem.o
 .debug_macro   0x00000000      0x187 startup/sysmem.o
 .debug_macro   0x00000000      0x23b startup/sysmem.o
 .debug_macro   0x00000000       0x16 startup/sysmem.o
 .debug_macro   0x00000000       0x35 startup/sysmem.o
 .debug_macro   0x00000000      0x330 startup/sysmem.o
 .debug_macro   0x00000000       0x10 startup/sysmem.o
 .debug_macro   0x00000000       0x10 startup/sysmem.o
 .debug_macro   0x00000000       0x6a startup/sysmem.o
 .debug_macro   0x00000000       0x1c startup/sysmem.o
 .debug_macro   0x00000000       0x52 startup/sysmem.o
 .debug_macro   0x00000000       0x40 startup/sysmem.o
 .debug_macro   0x00000000       0x10 startup/sysmem.o
 .debug_macro   0x00000000       0x40 startup/sysmem.o
 .debug_macro   0x00000000       0xd7 startup/sysmem.o
 .debug_macro   0x00000000       0x16 startup/sysmem.o
 .debug_macro   0x00000000      0x18b startup/sysmem.o
 .debug_line    0x00000000      0x3db startup/sysmem.o
 .debug_str     0x00000000     0x6fcf startup/sysmem.o
 .comment       0x00000000       0x80 startup/sysmem.o
 .debug_frame   0x00000000       0x34 startup/sysmem.o
 .ARM.attributes
                0x00000000       0x39 startup/sysmem.o
 .text          0x00000000        0x0 c:/ac6/systemworkbench/plugins/fr.ac6.mcu.externaltools.arm-none.win32_1.15.0.201708311556/tools/compiler/bin/../lib/gcc/arm-none-eabi/6.3.1/../../../../arm-none-eabi/lib/thumb/v7e-m/fpv4-sp/hard\libc.a(lib_a-errno.o)
 .data          0x00000000        0x0 c:/ac6/systemworkbench/plugins/fr.ac6.mcu.externaltools.arm-none.win32_1.15.0.201708311556/tools/compiler/bin/../lib/gcc/arm-none-eabi/6.3.1/../../../../arm-none-eabi/lib/thumb/v7e-m/fpv4-sp/hard\libc.a(lib_a-errno.o)
 .bss           0x00000000        0x0 c:/ac6/systemworkbench/plugins/fr.ac6.mcu.externaltools.arm-none.win32_1.15.0.201708311556/tools/compiler/bin/../lib/gcc/arm-none-eabi/6.3.1/../../../../arm-none-eabi/lib/thumb/v7e-m/fpv4-sp/hard\libc.a(lib_a-errno.o)
 .text.__errno  0x00000000        0xc c:/ac6/systemworkbench/plugins/fr.ac6.mcu.externaltools.arm-none.win32_1.15.0.201708311556/tools/compiler/bin/../lib/gcc/arm-none-eabi/6.3.1/../../../../arm-none-eabi/lib/thumb/v7e-m/fpv4-sp/hard\libc.a(lib_a-errno.o)
 .debug_frame   0x00000000       0x20 c:/ac6/systemworkbench/plugins/fr.ac6.mcu.externaltools.arm-none.win32_1.15.0.201708311556/tools/compiler/bin/../lib/gcc/arm-none-eabi/6.3.1/../../../../arm-none-eabi/lib/thumb/v7e-m/fpv4-sp/hard\libc.a(lib_a-errno.o)
 .ARM.attributes
                0x00000000       0x34 c:/ac6/systemworkbench/plugins/fr.ac6.mcu.externaltools.arm-none.win32_1.15.0.201708311556/tools/compiler/bin/../lib/gcc/arm-none-eabi/6.3.1/../../../../arm-none-eabi/lib/thumb/v7e-m/fpv4-sp/hard\libc.a(lib_a-errno.o)
 .text          0x00000000        0x0 c:/ac6/systemworkbench/plugins/fr.ac6.mcu.externaltools.arm-none.win32_1.15.0.201708311556/tools/compiler/bin/../lib/gcc/arm-none-eabi/6.3.1/../../../../arm-none-eabi/lib/thumb/v7e-m/fpv4-sp/hard\libc.a(lib_a-exit.o)
 .data          0x00000000        0x0 c:/ac6/systemworkbench/plugins/fr.ac6.mcu.externaltools.arm-none.win32_1.15.0.201708311556/tools/compiler/bin/../lib/gcc/arm-none-eabi/6.3.1/../../../../arm-none-eabi/lib/thumb/v7e-m/fpv4-sp/hard\libc.a(lib_a-exit.o)
 .bss           0x00000000        0x0 c:/ac6/systemworkbench/plugins/fr.ac6.mcu.externaltools.arm-none.win32_1.15.0.201708311556/tools/compiler/bin/../lib/gcc/arm-none-eabi/6.3.1/../../../../arm-none-eabi/lib/thumb/v7e-m/fpv4-sp/hard\libc.a(lib_a-exit.o)
 .text.exit     0x00000000       0x20 c:/ac6/systemworkbench/plugins/fr.ac6.mcu.externaltools.arm-none.win32_1.15.0.201708311556/tools/compiler/bin/../lib/gcc/arm-none-eabi/6.3.1/../../../../arm-none-eabi/lib/thumb/v7e-m/fpv4-sp/hard\libc.a(lib_a-exit.o)
 .debug_frame   0x00000000       0x28 c:/ac6/systemworkbench/plugins/fr.ac6.mcu.externaltools.arm-none.win32_1.15.0.201708311556/tools/compiler/bin/../lib/gcc/arm-none-eabi/6.3.1/../../../../arm-none-eabi/lib/thumb/v7e-m/fpv4-sp/hard\libc.a(lib_a-exit.o)
 .ARM.attributes
                0x00000000       0x34 c:/ac6/systemworkbench/plugins/fr.ac6.mcu.externaltools.arm-none.win32_1.15.0.201708311556/tools/compiler/bin/../lib/gcc/arm-none-eabi/6.3.1/../../../../arm-none-eabi/lib/thumb/v7e-m/fpv4-sp/hard\libc.a(lib_a-exit.o)
 .text          0x00000000        0x0 c:/ac6/systemworkbench/plugins/fr.ac6.mcu.externaltools.arm-none.win32_1.15.0.201708311556/tools/compiler/bin/../lib/gcc/arm-none-eabi/6.3.1/../../../../arm-none-eabi/lib/thumb/v7e-m/fpv4-sp/hard\libc.a(lib_a-impure.o)
 .data          0x00000000        0x0 c:/ac6/systemworkbench/plugins/fr.ac6.mcu.externaltools.arm-none.win32_1.15.0.201708311556/tools/compiler/bin/../lib/gcc/arm-none-eabi/6.3.1/../../../../arm-none-eabi/lib/thumb/v7e-m/fpv4-sp/hard\libc.a(lib_a-impure.o)
 .bss           0x00000000        0x0 c:/ac6/systemworkbench/plugins/fr.ac6.mcu.externaltools.arm-none.win32_1.15.0.201708311556/tools/compiler/bin/../lib/gcc/arm-none-eabi/6.3.1/../../../../arm-none-eabi/lib/thumb/v7e-m/fpv4-sp/hard\libc.a(lib_a-impure.o)
 .data._impure_ptr
                0x00000000        0x4 c:/ac6/systemworkbench/plugins/fr.ac6.mcu.externaltools.arm-none.win32_1.15.0.201708311556/tools/compiler/bin/../lib/gcc/arm-none-eabi/6.3.1/../../../../arm-none-eabi/lib/thumb/v7e-m/fpv4-sp/hard\libc.a(lib_a-impure.o)
 .text          0x00000000        0x0 c:/ac6/systemworkbench/plugins/fr.ac6.mcu.externaltools.arm-none.win32_1.15.0.201708311556/tools/compiler/bin/../lib/gcc/arm-none-eabi/6.3.1/../../../../arm-none-eabi/lib/thumb/v7e-m/fpv4-sp/hard\libc.a(lib_a-init.o)
 .data          0x00000000        0x0 c:/ac6/systemworkbench/plugins/fr.ac6.mcu.externaltools.arm-none.win32_1.15.0.201708311556/tools/compiler/bin/../lib/gcc/arm-none-eabi/6.3.1/../../../../arm-none-eabi/lib/thumb/v7e-m/fpv4-sp/hard\libc.a(lib_a-init.o)
 .bss           0x00000000        0x0 c:/ac6/systemworkbench/plugins/fr.ac6.mcu.externaltools.arm-none.win32_1.15.0.201708311556/tools/compiler/bin/../lib/gcc/arm-none-eabi/6.3.1/../../../../arm-none-eabi/lib/thumb/v7e-m/fpv4-sp/hard\libc.a(lib_a-init.o)
 .text          0x00000000        0x0 c:/ac6/systemworkbench/plugins/fr.ac6.mcu.externaltools.arm-none.win32_1.15.0.201708311556/tools/compiler/bin/../lib/gcc/arm-none-eabi/6.3.1/../../../../arm-none-eabi/lib/thumb/v7e-m/fpv4-sp/hard\libc.a(lib_a-memset.o)
 .data          0x00000000        0x0 c:/ac6/systemworkbench/plugins/fr.ac6.mcu.externaltools.arm-none.win32_1.15.0.201708311556/tools/compiler/bin/../lib/gcc/arm-none-eabi/6.3.1/../../../../arm-none-eabi/lib/thumb/v7e-m/fpv4-sp/hard\libc.a(lib_a-memset.o)
 .bss           0x00000000        0x0 c:/ac6/systemworkbench/plugins/fr.ac6.mcu.externaltools.arm-none.win32_1.15.0.201708311556/tools/compiler/bin/../lib/gcc/arm-none-eabi/6.3.1/../../../../arm-none-eabi/lib/thumb/v7e-m/fpv4-sp/hard\libc.a(lib_a-memset.o)
 .text.memset   0x00000000       0x9c c:/ac6/systemworkbench/plugins/fr.ac6.mcu.externaltools.arm-none.win32_1.15.0.201708311556/tools/compiler/bin/../lib/gcc/arm-none-eabi/6.3.1/../../../../arm-none-eabi/lib/thumb/v7e-m/fpv4-sp/hard\libc.a(lib_a-memset.o)
 .debug_frame   0x00000000       0x34 c:/ac6/systemworkbench/plugins/fr.ac6.mcu.externaltools.arm-none.win32_1.15.0.201708311556/tools/compiler/bin/../lib/gcc/arm-none-eabi/6.3.1/../../../../arm-none-eabi/lib/thumb/v7e-m/fpv4-sp/hard\libc.a(lib_a-memset.o)
 .ARM.attributes
                0x00000000       0x34 c:/ac6/systemworkbench/plugins/fr.ac6.mcu.externaltools.arm-none.win32_1.15.0.201708311556/tools/compiler/bin/../lib/gcc/arm-none-eabi/6.3.1/../../../../arm-none-eabi/lib/thumb/v7e-m/fpv4-sp/hard\libc.a(lib_a-memset.o)
 .text          0x00000000        0x0 c:/ac6/systemworkbench/plugins/fr.ac6.mcu.externaltools.arm-none.win32_1.15.0.201708311556/tools/compiler/bin/../lib/gcc/arm-none-eabi/6.3.1/../../../../arm-none-eabi/lib/thumb/v7e-m/fpv4-sp/hard\libc.a(lib_a-__call_atexit.o)
 .data          0x00000000        0x0 c:/ac6/systemworkbench/plugins/fr.ac6.mcu.externaltools.arm-none.win32_1.15.0.201708311556/tools/compiler/bin/../lib/gcc/arm-none-eabi/6.3.1/../../../../arm-none-eabi/lib/thumb/v7e-m/fpv4-sp/hard\libc.a(lib_a-__call_atexit.o)
 .bss           0x00000000        0x0 c:/ac6/systemworkbench/plugins/fr.ac6.mcu.externaltools.arm-none.win32_1.15.0.201708311556/tools/compiler/bin/../lib/gcc/arm-none-eabi/6.3.1/../../../../arm-none-eabi/lib/thumb/v7e-m/fpv4-sp/hard\libc.a(lib_a-__call_atexit.o)
 .text.__call_exitprocs
                0x00000000       0xe8 c:/ac6/systemworkbench/plugins/fr.ac6.mcu.externaltools.arm-none.win32_1.15.0.201708311556/tools/compiler/bin/../lib/gcc/arm-none-eabi/6.3.1/../../../../arm-none-eabi/lib/thumb/v7e-m/fpv4-sp/hard\libc.a(lib_a-__call_atexit.o)
 .text          0x00000000        0x0 c:/ac6/systemworkbench/plugins/fr.ac6.mcu.externaltools.arm-none.win32_1.15.0.201708311556/tools/compiler/bin/../lib/gcc/arm-none-eabi/6.3.1/../../../../arm-none-eabi/lib/thumb/v7e-m/fpv4-sp/hard\libc.a(lib_a-atexit.o)
 .data          0x00000000        0x0 c:/ac6/systemworkbench/plugins/fr.ac6.mcu.externaltools.arm-none.win32_1.15.0.201708311556/tools/compiler/bin/../lib/gcc/arm-none-eabi/6.3.1/../../../../arm-none-eabi/lib/thumb/v7e-m/fpv4-sp/hard\libc.a(lib_a-atexit.o)
 .bss           0x00000000        0x0 c:/ac6/systemworkbench/plugins/fr.ac6.mcu.externaltools.arm-none.win32_1.15.0.201708311556/tools/compiler/bin/../lib/gcc/arm-none-eabi/6.3.1/../../../../arm-none-eabi/lib/thumb/v7e-m/fpv4-sp/hard\libc.a(lib_a-atexit.o)
 .text          0x00000000        0x0 c:/ac6/systemworkbench/plugins/fr.ac6.mcu.externaltools.arm-none.win32_1.15.0.201708311556/tools/compiler/bin/../lib/gcc/arm-none-eabi/6.3.1/../../../../arm-none-eabi/lib/thumb/v7e-m/fpv4-sp/hard\libc.a(lib_a-fini.o)
 .data          0x00000000        0x0 c:/ac6/systemworkbench/plugins/fr.ac6.mcu.externaltools.arm-none.win32_1.15.0.201708311556/tools/compiler/bin/../lib/gcc/arm-none-eabi/6.3.1/../../../../arm-none-eabi/lib/thumb/v7e-m/fpv4-sp/hard\libc.a(lib_a-fini.o)
 .bss           0x00000000        0x0 c:/ac6/systemworkbench/plugins/fr.ac6.mcu.externaltools.arm-none.win32_1.15.0.201708311556/tools/compiler/bin/../lib/gcc/arm-none-eabi/6.3.1/../../../../arm-none-eabi/lib/thumb/v7e-m/fpv4-sp/hard\libc.a(lib_a-fini.o)
 .text          0x00000000        0x0 c:/ac6/systemworkbench/plugins/fr.ac6.mcu.externaltools.arm-none.win32_1.15.0.201708311556/tools/compiler/bin/../lib/gcc/arm-none-eabi/6.3.1/../../../../arm-none-eabi/lib/thumb/v7e-m/fpv4-sp/hard\libc.a(lib_a-lock.o)
 .data          0x00000000        0x0 c:/ac6/systemworkbench/plugins/fr.ac6.mcu.externaltools.arm-none.win32_1.15.0.201708311556/tools/compiler/bin/../lib/gcc/arm-none-eabi/6.3.1/../../../../arm-none-eabi/lib/thumb/v7e-m/fpv4-sp/hard\libc.a(lib_a-lock.o)
 .bss           0x00000000        0x0 c:/ac6/systemworkbench/plugins/fr.ac6.mcu.externaltools.arm-none.win32_1.15.0.201708311556/tools/compiler/bin/../lib/gcc/arm-none-eabi/6.3.1/../../../../arm-none-eabi/lib/thumb/v7e-m/fpv4-sp/hard\libc.a(lib_a-lock.o)
 .text.__retarget_lock_init
                0x00000000        0x4 c:/ac6/systemworkbench/plugins/fr.ac6.mcu.externaltools.arm-none.win32_1.15.0.201708311556/tools/compiler/bin/../lib/gcc/arm-none-eabi/6.3.1/../../../../arm-none-eabi/lib/thumb/v7e-m/fpv4-sp/hard\libc.a(lib_a-lock.o)
 .text.__retarget_lock_init_recursive
                0x00000000        0x4 c:/ac6/systemworkbench/plugins/fr.ac6.mcu.externaltools.arm-none.win32_1.15.0.201708311556/tools/compiler/bin/../lib/gcc/arm-none-eabi/6.3.1/../../../../arm-none-eabi/lib/thumb/v7e-m/fpv4-sp/hard\libc.a(lib_a-lock.o)
 .text.__retarget_lock_close
                0x00000000        0x4 c:/ac6/systemworkbench/plugins/fr.ac6.mcu.externaltools.arm-none.win32_1.15.0.201708311556/tools/compiler/bin/../lib/gcc/arm-none-eabi/6.3.1/../../../../arm-none-eabi/lib/thumb/v7e-m/fpv4-sp/hard\libc.a(lib_a-lock.o)
 .text.__retarget_lock_close_recursive
                0x00000000        0x4 c:/ac6/systemworkbench/plugins/fr.ac6.mcu.externaltools.arm-none.win32_1.15.0.201708311556/tools/compiler/bin/../lib/gcc/arm-none-eabi/6.3.1/../../../../arm-none-eabi/lib/thumb/v7e-m/fpv4-sp/hard\libc.a(lib_a-lock.o)
 .text.__retarget_lock_acquire
                0x00000000        0x4 c:/ac6/systemworkbench/plugins/fr.ac6.mcu.externaltools.arm-none.win32_1.15.0.201708311556/tools/compiler/bin/../lib/gcc/arm-none-eabi/6.3.1/../../../../arm-none-eabi/lib/thumb/v7e-m/fpv4-sp/hard\libc.a(lib_a-lock.o)
 .text.__retarget_lock_try_acquire
                0x00000000        0x4 c:/ac6/systemworkbench/plugins/fr.ac6.mcu.externaltools.arm-none.win32_1.15.0.201708311556/tools/compiler/bin/../lib/gcc/arm-none-eabi/6.3.1/../../../../arm-none-eabi/lib/thumb/v7e-m/fpv4-sp/hard\libc.a(lib_a-lock.o)
 .text.__retarget_lock_try_acquire_recursive
                0x00000000        0x4 c:/ac6/systemworkbench/plugins/fr.ac6.mcu.externaltools.arm-none.win32_1.15.0.201708311556/tools/compiler/bin/../lib/gcc/arm-none-eabi/6.3.1/../../../../arm-none-eabi/lib/thumb/v7e-m/fpv4-sp/hard\libc.a(lib_a-lock.o)
 .text.__retarget_lock_release
                0x00000000        0x4 c:/ac6/systemworkbench/plugins/fr.ac6.mcu.externaltools.arm-none.win32_1.15.0.201708311556/tools/compiler/bin/../lib/gcc/arm-none-eabi/6.3.1/../../../../arm-none-eabi/lib/thumb/v7e-m/fpv4-sp/hard\libc.a(lib_a-lock.o)
 .text          0x00000000        0x0 c:/ac6/systemworkbench/plugins/fr.ac6.mcu.externaltools.arm-none.win32_1.15.0.201708311556/tools/compiler/bin/../lib/gcc/arm-none-eabi/6.3.1/../../../../arm-none-eabi/lib/thumb/v7e-m/fpv4-sp/hard\libc.a(lib_a-__atexit.o)
 .data          0x00000000        0x0 c:/ac6/systemworkbench/plugins/fr.ac6.mcu.externaltools.arm-none.win32_1.15.0.201708311556/tools/compiler/bin/../lib/gcc/arm-none-eabi/6.3.1/../../../../arm-none-eabi/lib/thumb/v7e-m/fpv4-sp/hard\libc.a(lib_a-__atexit.o)
 .bss           0x00000000        0x0 c:/ac6/systemworkbench/plugins/fr.ac6.mcu.externaltools.arm-none.win32_1.15.0.201708311556/tools/compiler/bin/../lib/gcc/arm-none-eabi/6.3.1/../../../../arm-none-eabi/lib/thumb/v7e-m/fpv4-sp/hard\libc.a(lib_a-__atexit.o)
 .text          0x00000000        0x0 c:/ac6/systemworkbench/plugins/fr.ac6.mcu.externaltools.arm-none.win32_1.15.0.201708311556/tools/compiler/bin/../lib/gcc/arm-none-eabi/6.3.1/thumb/v7e-m/fpv4-sp/hard/crtend.o
 .data          0x00000000        0x0 c:/ac6/systemworkbench/plugins/fr.ac6.mcu.externaltools.arm-none.win32_1.15.0.201708311556/tools/compiler/bin/../lib/gcc/arm-none-eabi/6.3.1/thumb/v7e-m/fpv4-sp/hard/crtend.o
 .bss           0x00000000        0x0 c:/ac6/systemworkbench/plugins/fr.ac6.mcu.externaltools.arm-none.win32_1.15.0.201708311556/tools/compiler/bin/../lib/gcc/arm-none-eabi/6.3.1/thumb/v7e-m/fpv4-sp/hard/crtend.o
 .eh_frame      0x00000000        0x4 c:/ac6/systemworkbench/plugins/fr.ac6.mcu.externaltools.arm-none.win32_1.15.0.201708311556/tools/compiler/bin/../lib/gcc/arm-none-eabi/6.3.1/thumb/v7e-m/fpv4-sp/hard/crtend.o
 .jcr           0x00000000        0x4 c:/ac6/systemworkbench/plugins/fr.ac6.mcu.externaltools.arm-none.win32_1.15.0.201708311556/tools/compiler/bin/../lib/gcc/arm-none-eabi/6.3.1/thumb/v7e-m/fpv4-sp/hard/crtend.o
 .ARM.attributes
                0x00000000       0x34 c:/ac6/systemworkbench/plugins/fr.ac6.mcu.externaltools.arm-none.win32_1.15.0.201708311556/tools/compiler/bin/../lib/gcc/arm-none-eabi/6.3.1/thumb/v7e-m/fpv4-sp/hard/crtend.o
 .text          0x00000000        0x0 c:/ac6/systemworkbench/plugins/fr.ac6.mcu.externaltools.arm-none.win32_1.15.0.201708311556/tools/compiler/bin/../lib/gcc/arm-none-eabi/6.3.1/thumb/v7e-m/fpv4-sp/hard/crtn.o
 .data          0x00000000        0x0 c:/ac6/systemworkbench/plugins/fr.ac6.mcu.externaltools.arm-none.win32_1.15.0.201708311556/tools/compiler/bin/../lib/gcc/arm-none-eabi/6.3.1/thumb/v7e-m/fpv4-sp/hard/crtn.o
 .bss           0x00000000        0x0 c:/ac6/systemworkbench/plugins/fr.ac6.mcu.externaltools.arm-none.win32_1.15.0.201708311556/tools/compiler/bin/../lib/gcc/arm-none-eabi/6.3.1/thumb/v7e-m/fpv4-sp/hard/crtn.o

Memory Configuration

Name             Origin             Length             Attributes
RAM              0x20000000         0x00018000         xrw
ROM              0x08000000         0x00100000         xr
*default*        0x00000000         0xffffffff

Linker script and memory map

LOAD c:/ac6/systemworkbench/plugins/fr.ac6.mcu.externaltools.arm-none.win32_1.15.0.201708311556/tools/compiler/bin/../lib/gcc/arm-none-eabi/6.3.1/thumb/v7e-m/fpv4-sp/hard/crti.o
LOAD c:/ac6/systemworkbench/plugins/fr.ac6.mcu.externaltools.arm-none.win32_1.15.0.201708311556/tools/compiler/bin/../lib/gcc/arm-none-eabi/6.3.1/thumb/v7e-m/fpv4-sp/hard/crtbegin.o
LOAD c:/ac6/systemworkbench/plugins/fr.ac6.mcu.externaltools.arm-none.win32_1.15.0.201708311556/tools/compiler/bin/../lib/gcc/arm-none-eabi/6.3.1/../../../../arm-none-eabi/lib/thumb/v7e-m/fpv4-sp/hard/crt0.o
LOAD src/7seg.o
LOAD src/EXTI.o
LOAD src/Encoder.o
LOAD src/PWM.o
LOAD src/led.o
LOAD src/main.o
LOAD src/motor.o
LOAD startup/startup_stm32.o
LOAD startup/sysmem.o
LOAD c:/ac6/systemworkbench/plugins/fr.ac6.mcu.externaltools.arm-none.win32_1.15.0.201708311556/tools/compiler/bin/../lib/gcc/arm-none-eabi/6.3.1/../../../../arm-none-eabi/lib/thumb/v7e-m/fpv4-sp/hard\libm.a
START GROUP
LOAD c:/ac6/systemworkbench/plugins/fr.ac6.mcu.externaltools.arm-none.win32_1.15.0.201708311556/tools/compiler/bin/../lib/gcc/arm-none-eabi/6.3.1/thumb/v7e-m/fpv4-sp/hard\libgcc.a
LOAD c:/ac6/systemworkbench/plugins/fr.ac6.mcu.externaltools.arm-none.win32_1.15.0.201708311556/tools/compiler/bin/../lib/gcc/arm-none-eabi/6.3.1/../../../../arm-none-eabi/lib/thumb/v7e-m/fpv4-sp/hard\libc.a
END GROUP
LOAD c:/ac6/systemworkbench/plugins/fr.ac6.mcu.externaltools.arm-none.win32_1.15.0.201708311556/tools/compiler/bin/../lib/gcc/arm-none-eabi/6.3.1/thumb/v7e-m/fpv4-sp/hard/crtend.o
LOAD c:/ac6/systemworkbench/plugins/fr.ac6.mcu.externaltools.arm-none.win32_1.15.0.201708311556/tools/compiler/bin/../lib/gcc/arm-none-eabi/6.3.1/thumb/v7e-m/fpv4-sp/hard/crtn.o
                0x20018000                _estack = 0x20018000
                0x00000000                _Min_Heap_Size = 0x0
                0x00000400                _Min_Stack_Size = 0x400

.isr_vector     0x08000000      0x1ac
                0x08000000                . = ALIGN (0x4)
 *(.isr_vector)
 .isr_vector    0x08000000      0x1ac startup/startup_stm32.o
                0x08000000                g_pfnVectors
                0x080001ac                . = ALIGN (0x4)

.text           0x080001ac     0x14d0
                0x080001ac                . = ALIGN (0x4)
 *(.text)
 .text          0x080001ac       0x6c c:/ac6/systemworkbench/plugins/fr.ac6.mcu.externaltools.arm-none.win32_1.15.0.201708311556/tools/compiler/bin/../lib/gcc/arm-none-eabi/6.3.1/thumb/v7e-m/fpv4-sp/hard/crtbegin.o
 *(.text*)
 .text.set_gpio
                0x08000218       0x28 src/7seg.o
                0x08000218                set_gpio
 .text.reset_gpio
                0x08000240       0x28 src/7seg.o
                0x08000240                reset_gpio
 .text.read_gpio
                0x08000268       0x2e src/7seg.o
                0x08000268                read_gpio
 *fill*         0x08000296        0x2 
 .text.init_7seg
                0x08000298      0x100 src/7seg.o
                0x08000298                init_7seg
 .text.send_7seg
                0x08000398       0x96 src/7seg.o
                0x08000398                send_7seg
 *fill*         0x0800042e        0x2 
 .text.display_number
                0x08000430       0xb0 src/7seg.o
                0x08000430                display_number
 .text.num_digits
                0x080004e0       0x48 src/7seg.o
                0x080004e0                num_digits
 .text.NVIC_EnableIRQ
                0x08000528       0x34 src/EXTI.o
 .text.NVIC_SetPriority
                0x0800055c       0x54 src/EXTI.o
 .text.EXTI_Setup
                0x080005b0       0x68 src/EXTI.o
                0x080005b0                EXTI_Setup
 .text.init_button
                0x08000618       0x58 src/EXTI.o
                0x08000618                init_button
 .text.init_Encoder
                0x08000670       0xac src/Encoder.o
                0x08000670                init_Encoder
 .text.GPIO_init_AF
                0x0800071c       0x60 src/PWM.o
                0x0800071c                GPIO_init_AF
 .text.timer_enable
                0x0800077c       0x48 src/PWM.o
                0x0800077c                timer_enable
 .text.timer_init
                0x080007c4       0x38 src/PWM.o
                0x080007c4                timer_init
 .text.timer_start
                0x080007fc       0x20 src/PWM.o
                0x080007fc                timer_start
 .text.PWM_channel_init
                0x0800081c       0x9e src/PWM.o
                0x0800081c                PWM_channel_init
 *fill*         0x080008ba        0x2 
 .text.init_led
                0x080008bc       0x7c src/led.o
                0x080008bc                init_led
 .text.NVIC_SetPriority
                0x08000938       0x54 src/main.o
 .text.SysTick_Config
                0x0800098c       0x44 src/main.o
 .text.SysTick_Handler
                0x080009d0       0x1c src/main.o
                0x080009d0                SysTick_Handler
 .text.Delay    0x080009ec       0x48 src/main.o
                0x080009ec                Delay
 .text.delay_without_interrupt
                0x08000a34       0x40 src/main.o
                0x08000a34                delay_without_interrupt
 .text.FPU_init
                0x08000a74       0x2c src/main.o
                0x08000a74                FPU_init
 .text.EXTI15_10_IRQHandler
                0x08000aa0       0xd8 src/main.o
                0x08000aa0                EXTI15_10_IRQHandler
 .text.rotaryDeal
                0x08000b78      0x148 src/main.o
                0x08000b78                rotaryDeal
 .text.DHT11_init
                0x08000cc0       0xc4 src/main.o
                0x08000cc0                DHT11_init
 .text.DHT11_read
                0x08000d84      0x1e8 src/main.o
                0x08000d84                DHT11_read
 .text.SystemClock_Config
                0x08000f6c      0x178 src/main.o
                0x08000f6c                SystemClock_Config
 .text.main     0x080010e4      0x270 src/main.o
                0x080010e4                main
 .text.init_motor
                0x08001354      0x104 src/motor.o
                0x08001354                init_motor
 .text.counterclockwise_rotate
                0x08001458       0x2e src/motor.o
                0x08001458                counterclockwise_rotate
 .text.stop_rotate
                0x08001486       0x1a src/motor.o
                0x08001486                stop_rotate
 .text.Reset_Handler
                0x080014a0       0x50 startup/startup_stm32.o
                0x080014a0                Reset_Handler
 .text.Default_Handler
                0x080014f0        0x2 startup/startup_stm32.o
                0x080014f0                EXTI2_IRQHandler
                0x080014f0                TIM8_TRG_COM_IRQHandler
                0x080014f0                TIM8_CC_IRQHandler
                0x080014f0                DebugMon_Handler
                0x080014f0                DMA1_CH4_IRQHandler
                0x080014f0                TIM1_CC_IRQHandler
                0x080014f0                TSC_IRQHandler
                0x080014f0                HardFault_Handler
                0x080014f0                TAMP_STAMP_IRQHandler
                0x080014f0                PendSV_Handler
                0x080014f0                NMI_Handler
                0x080014f0                CAN2_RX1_IRQHandler
                0x080014f0                EXTI3_IRQHandler
                0x080014f0                LPTIM2_IRQHandler
                0x080014f0                DFSDM1_FLT1_IRQHandler
                0x080014f0                I2C3_ER_IRQHandler
                0x080014f0                DFSDM1_FLT2_IRQHandler
                0x080014f0                TIM6_DACUNDER_IRQHandler
                0x080014f0                EXTI0_IRQHandler
                0x080014f0                I2C2_EV_IRQHandler
                0x080014f0                DMA2_CH1_IRQHandler
                0x080014f0                CAN1_RX0_IRQHandler
                0x080014f0                FPU_IRQHandler
                0x080014f0                TIM1_UP_TIM16_IRQHandler
                0x080014f0                DMA2_CH7_IRQHandler
                0x080014f0                UsageFault_Handler
                0x080014f0                CAN2_SCE_IRQHandler
                0x080014f0                ADC1_2_IRQHandler
                0x080014f0                SPI1_IRQHandler
                0x080014f0                DMA1_CH7_IRQHandler
                0x080014f0                DCMI_IRQHandler
                0x080014f0                CAN2_RX0_IRQHandler
                0x080014f0                TIM8_UP_IRQHandler
                0x080014f0                RTC_ALARM_IRQHandler
                0x080014f0                SAI2_IRQHandler
                0x080014f0                DFSDM1_FLT3_IRQHandler
                0x080014f0                DMA1_CH6_IRQHandler
                0x080014f0                USART3_IRQHandler
                0x080014f0                CAN1_RX1_IRQHandler
                0x080014f0                LCD_IRQHandler
                0x080014f0                UART5_IRQHandler
                0x080014f0                ADC3_IRQHandler
                0x080014f0                TIM4_IRQHandler
                0x080014f0                QUADSPI_IRQHandler
                0x080014f0                I2C1_EV_IRQHandler
                0x080014f0                DMA2_CH5_IRQHandler
                0x080014f0                UART4_IRQHandler
                0x080014f0                DMA1_CH3_IRQHandler
                0x080014f0                TIM3_IRQHandler
                0x080014f0                RCC_IRQHandler
                0x080014f0                Default_Handler
                0x080014f0                TIM7_IRQHandler
                0x080014f0                SDMMC1_IRQHandler
                0x080014f0                CAN2_TX_IRQHandler
                0x080014f0                TIM5_IRQHandler
                0x080014f0                I2C3_EV_IRQHandler
                0x080014f0                EXTI9_5_IRQHandler
                0x080014f0                DMA1_CH2_IRQHandler
                0x080014f0                RTC_WKUP_IRQHandler
                0x080014f0                RNG_HASH_IRQHandler
                0x080014f0                PVD_PVM_IRQHandler
                0x080014f0                SPI2_IRQHandler
                0x080014f0                DMA1_CH1_IRQHandler
                0x080014f0                MemManage_Handler
                0x080014f0                CAN1_TX_IRQHandler
                0x080014f0                SVC_Handler
                0x080014f0                CRS_IRQHandler
                0x080014f0                EXTI4_IRQHandler
                0x080014f0                TIM1_TRG_COM_TIM17_IRQHandler
                0x080014f0                COMP_IRQHandler
                0x080014f0                WWDG_IRQHandler
                0x080014f0                I2C4_EV_IRQHandler
                0x080014f0                LPUART1_IRQHandler
                0x080014f0                TIM2_IRQHandler
                0x080014f0                DMA2D_IRQHandler
                0x080014f0                EXTI1_IRQHandler
                0x080014f0                AES_IRQHandler
                0x080014f0                USART2_IRQHandler
                0x080014f0                DFSDM1_FLT0_IRQHandler
                0x080014f0                I2C2_ER_IRQHandler
                0x080014f0                TIM8_BRK_IRQHandler
                0x080014f0                CAN1_SCE_IRQHandler
                0x080014f0                FLASH_IRQHandler
                0x080014f0                BusFault_Handler
                0x080014f0                USART1_IRQHandler
                0x080014f0                OTG_FS_IRQHandler
                0x080014f0                SPI3_IRQHandler
                0x080014f0                DMA2_CH6_IRQHandler
                0x080014f0                DMA2_CH3_IRQHandler
                0x080014f0                DMA2_CH2_IRQHandler
                0x080014f0                I2C1_ER_IRQHandler
                0x080014f0                FMC_IRQHandler
                0x080014f0                DMA1_CH5_IRQHandler
                0x080014f0                DMA2_CH4_IRQHandler
                0x080014f0                SWPMI1_IRQHandler
                0x080014f0                LPTIM1_IRQHandler
                0x080014f0                I2C4_ER_IRQHandler
                0x080014f0                SAI1_IRQHandler
                0x080014f0                TIM1_BRK_TIM15_IRQHandler
 *fill*         0x080014f2        0x2 
 .text.__libc_init_array
                0x080014f4       0x50 c:/ac6/systemworkbench/plugins/fr.ac6.mcu.externaltools.arm-none.win32_1.15.0.201708311556/tools/compiler/bin/../lib/gcc/arm-none-eabi/6.3.1/../../../../arm-none-eabi/lib/thumb/v7e-m/fpv4-sp/hard\libc.a(lib_a-init.o)
                0x080014f4                __libc_init_array
 .text.startup.register_fini
                0x08001544       0x14 c:/ac6/systemworkbench/plugins/fr.ac6.mcu.externaltools.arm-none.win32_1.15.0.201708311556/tools/compiler/bin/../lib/gcc/arm-none-eabi/6.3.1/../../../../arm-none-eabi/lib/thumb/v7e-m/fpv4-sp/hard\libc.a(lib_a-__call_atexit.o)
 .text.atexit   0x08001558        0xc c:/ac6/systemworkbench/plugins/fr.ac6.mcu.externaltools.arm-none.win32_1.15.0.201708311556/tools/compiler/bin/../lib/gcc/arm-none-eabi/6.3.1/../../../../arm-none-eabi/lib/thumb/v7e-m/fpv4-sp/hard\libc.a(lib_a-atexit.o)
                0x08001558                atexit
 .text.__libc_fini_array
                0x08001564       0x34 c:/ac6/systemworkbench/plugins/fr.ac6.mcu.externaltools.arm-none.win32_1.15.0.201708311556/tools/compiler/bin/../lib/gcc/arm-none-eabi/6.3.1/../../../../arm-none-eabi/lib/thumb/v7e-m/fpv4-sp/hard\libc.a(lib_a-fini.o)
                0x08001564                __libc_fini_array
 .text.__retarget_lock_acquire_recursive
                0x08001598        0x4 c:/ac6/systemworkbench/plugins/fr.ac6.mcu.externaltools.arm-none.win32_1.15.0.201708311556/tools/compiler/bin/../lib/gcc/arm-none-eabi/6.3.1/../../../../arm-none-eabi/lib/thumb/v7e-m/fpv4-sp/hard\libc.a(lib_a-lock.o)
                0x08001598                __retarget_lock_acquire_recursive
 .text.__retarget_lock_release_recursive
                0x0800159c        0x4 c:/ac6/systemworkbench/plugins/fr.ac6.mcu.externaltools.arm-none.win32_1.15.0.201708311556/tools/compiler/bin/../lib/gcc/arm-none-eabi/6.3.1/../../../../arm-none-eabi/lib/thumb/v7e-m/fpv4-sp/hard\libc.a(lib_a-lock.o)
                0x0800159c                __retarget_lock_release_recursive
 .text.__register_exitproc
                0x080015a0       0xc4 c:/ac6/systemworkbench/plugins/fr.ac6.mcu.externaltools.arm-none.win32_1.15.0.201708311556/tools/compiler/bin/../lib/gcc/arm-none-eabi/6.3.1/../../../../arm-none-eabi/lib/thumb/v7e-m/fpv4-sp/hard\libc.a(lib_a-__atexit.o)
                0x080015a0                __register_exitproc
 *(.glue_7)
 .glue_7        0x08001664        0x0 linker stubs
 *(.glue_7t)
 .glue_7t       0x08001664        0x0 linker stubs
 *(.eh_frame)
 .eh_frame      0x08001664        0x0 c:/ac6/systemworkbench/plugins/fr.ac6.mcu.externaltools.arm-none.win32_1.15.0.201708311556/tools/compiler/bin/../lib/gcc/arm-none-eabi/6.3.1/thumb/v7e-m/fpv4-sp/hard/crtbegin.o
 *(.init)
 .init          0x08001664        0x4 c:/ac6/systemworkbench/plugins/fr.ac6.mcu.externaltools.arm-none.win32_1.15.0.201708311556/tools/compiler/bin/../lib/gcc/arm-none-eabi/6.3.1/thumb/v7e-m/fpv4-sp/hard/crti.o
                0x08001664                _init
 .init          0x08001668        0x8 c:/ac6/systemworkbench/plugins/fr.ac6.mcu.externaltools.arm-none.win32_1.15.0.201708311556/tools/compiler/bin/../lib/gcc/arm-none-eabi/6.3.1/thumb/v7e-m/fpv4-sp/hard/crtn.o
 *(.fini)
 .fini          0x08001670        0x4 c:/ac6/systemworkbench/plugins/fr.ac6.mcu.externaltools.arm-none.win32_1.15.0.201708311556/tools/compiler/bin/../lib/gcc/arm-none-eabi/6.3.1/thumb/v7e-m/fpv4-sp/hard/crti.o
                0x08001670                _fini
 .fini          0x08001674        0x8 c:/ac6/systemworkbench/plugins/fr.ac6.mcu.externaltools.arm-none.win32_1.15.0.201708311556/tools/compiler/bin/../lib/gcc/arm-none-eabi/6.3.1/thumb/v7e-m/fpv4-sp/hard/crtn.o
                0x0800167c                . = ALIGN (0x4)
                0x0800167c                _etext = .

.vfp11_veneer   0x0800167c        0x0
 .vfp11_veneer  0x0800167c        0x0 linker stubs

.v4_bx          0x0800167c        0x0
 .v4_bx         0x0800167c        0x0 linker stubs

.iplt           0x0800167c        0x0
 .iplt          0x0800167c        0x0 c:/ac6/systemworkbench/plugins/fr.ac6.mcu.externaltools.arm-none.win32_1.15.0.201708311556/tools/compiler/bin/../lib/gcc/arm-none-eabi/6.3.1/thumb/v7e-m/fpv4-sp/hard/crtbegin.o

.rodata         0x0800167c        0x4
                0x0800167c                . = ALIGN (0x4)
 *(.rodata)
 *(.rodata*)
 .rodata._global_impure_ptr
                0x0800167c        0x4 c:/ac6/systemworkbench/plugins/fr.ac6.mcu.externaltools.arm-none.win32_1.15.0.201708311556/tools/compiler/bin/../lib/gcc/arm-none-eabi/6.3.1/../../../../arm-none-eabi/lib/thumb/v7e-m/fpv4-sp/hard\libc.a(lib_a-impure.o)
                0x0800167c                _global_impure_ptr
                0x08001680                . = ALIGN (0x4)

.rel.dyn        0x08001680        0x0
 .rel.iplt      0x08001680        0x0 c:/ac6/systemworkbench/plugins/fr.ac6.mcu.externaltools.arm-none.win32_1.15.0.201708311556/tools/compiler/bin/../lib/gcc/arm-none-eabi/6.3.1/thumb/v7e-m/fpv4-sp/hard/crtbegin.o

.ARM.extab      0x08001680        0x0
                0x08001680                . = ALIGN (0x4)
 *(.ARM.extab* .gnu.linkonce.armextab.*)
                0x08001680                . = ALIGN (0x4)

.ARM            0x08001680        0x0
                0x08001680                . = ALIGN (0x4)
                0x08001680                __exidx_start = .
 *(.ARM.exidx*)
                0x08001680                __exidx_end = .
                0x08001680                . = ALIGN (0x4)

.preinit_array  0x08001680        0x0
                0x08001680                . = ALIGN (0x4)
                0x08001680                PROVIDE (__preinit_array_start, .)
 *(.preinit_array*)
                0x08001680                PROVIDE (__preinit_array_end, .)
                0x08001680                . = ALIGN (0x4)

.init_array     0x08001680        0x8
                0x08001680                . = ALIGN (0x4)
                0x08001680                PROVIDE (__init_array_start, .)
 *(SORT(.init_array.*))
 .init_array.00000
                0x08001680        0x4 c:/ac6/systemworkbench/plugins/fr.ac6.mcu.externaltools.arm-none.win32_1.15.0.201708311556/tools/compiler/bin/../lib/gcc/arm-none-eabi/6.3.1/../../../../arm-none-eabi/lib/thumb/v7e-m/fpv4-sp/hard\libc.a(lib_a-__call_atexit.o)
 *(.init_array*)
 .init_array    0x08001684        0x4 c:/ac6/systemworkbench/plugins/fr.ac6.mcu.externaltools.arm-none.win32_1.15.0.201708311556/tools/compiler/bin/../lib/gcc/arm-none-eabi/6.3.1/thumb/v7e-m/fpv4-sp/hard/crtbegin.o
                0x08001688                PROVIDE (__init_array_end, .)
                0x08001688                . = ALIGN (0x4)

.fini_array     0x08001688        0x4
                0x08001688                . = ALIGN (0x4)
                0x08001688                PROVIDE (__fini_array_start, .)
 *(SORT(.fini_array.*))
 *(.fini_array*)
 .fini_array    0x08001688        0x4 c:/ac6/systemworkbench/plugins/fr.ac6.mcu.externaltools.arm-none.win32_1.15.0.201708311556/tools/compiler/bin/../lib/gcc/arm-none-eabi/6.3.1/thumb/v7e-m/fpv4-sp/hard/crtbegin.o
                0x0800168c                PROVIDE (__fini_array_end, .)
                0x0800168c                . = ALIGN (0x4)
                0x0800168c                _sidata = LOADADDR (.data)

.data           0x20000000      0x44c load address 0x0800168c
                0x20000000                . = ALIGN (0x4)
                0x20000000                _sdata = .
 *(.data)
 .data          0x20000000       0x1c src/main.o
                0x20000000                globalCounter
                0x20000004                level
                0x20000008                state
                0x2000000c                last_state
                0x20000010                button_press_cycle_per_second
                0x20000014                debounce_cycles
                0x20000018                debounce_threshold
 *(.data*)
 *fill*         0x2000001c        0x4 
 .data.impure_data
                0x20000020      0x428 c:/ac6/systemworkbench/plugins/fr.ac6.mcu.externaltools.arm-none.win32_1.15.0.201708311556/tools/compiler/bin/../lib/gcc/arm-none-eabi/6.3.1/../../../../arm-none-eabi/lib/thumb/v7e-m/fpv4-sp/hard\libc.a(lib_a-impure.o)
 .data.__atexit_recursive_mutex
                0x20000448        0x4 c:/ac6/systemworkbench/plugins/fr.ac6.mcu.externaltools.arm-none.win32_1.15.0.201708311556/tools/compiler/bin/../lib/gcc/arm-none-eabi/6.3.1/../../../../arm-none-eabi/lib/thumb/v7e-m/fpv4-sp/hard\libc.a(lib_a-__call_atexit.o)
                0x20000448                __atexit_recursive_mutex
                0x2000044c                . = ALIGN (0x4)
                0x2000044c                _edata = .

.jcr            0x2000044c        0x0 load address 0x08001ad8
 .jcr           0x2000044c        0x0 c:/ac6/systemworkbench/plugins/fr.ac6.mcu.externaltools.arm-none.win32_1.15.0.201708311556/tools/compiler/bin/../lib/gcc/arm-none-eabi/6.3.1/thumb/v7e-m/fpv4-sp/hard/crtbegin.o

.igot.plt       0x2000044c        0x0 load address 0x08001ad8
 .igot.plt      0x2000044c        0x0 c:/ac6/systemworkbench/plugins/fr.ac6.mcu.externaltools.arm-none.win32_1.15.0.201708311556/tools/compiler/bin/../lib/gcc/arm-none-eabi/6.3.1/thumb/v7e-m/fpv4-sp/hard/crtbegin.o
                0x2000044c                . = ALIGN (0x4)

.bss            0x2000044c       0x5c load address 0x08001ad8
                0x2000044c                _sbss = .
                0x2000044c                __bss_start__ = _sbss
 *(.bss)
 .bss           0x2000044c       0x1c c:/ac6/systemworkbench/plugins/fr.ac6.mcu.externaltools.arm-none.win32_1.15.0.201708311556/tools/compiler/bin/../lib/gcc/arm-none-eabi/6.3.1/thumb/v7e-m/fpv4-sp/hard/crtbegin.o
 .bss           0x20000468        0xc src/main.o
                0x20000468                flag
                0x2000046c                Last_RoB_Status
                0x20000470                Current_RoB_Status
 *(.bss*)
 *(COMMON)
 COMMON         0x20000474       0x10 src/main.o
                0x20000474                dev
                0x20000480                msTicks
 COMMON         0x20000484       0x21 c:/ac6/systemworkbench/plugins/fr.ac6.mcu.externaltools.arm-none.win32_1.15.0.201708311556/tools/compiler/bin/../lib/gcc/arm-none-eabi/6.3.1/../../../../arm-none-eabi/lib/thumb/v7e-m/fpv4-sp/hard\libc.a(lib_a-lock.o)
                0x20000484                __lock___atexit_recursive_mutex
                0x20000488                __lock___arc4random_mutex
                0x2000048c                __lock___env_recursive_mutex
                0x20000490                __lock___sinit_recursive_mutex
                0x20000494                __lock___malloc_recursive_mutex
                0x20000498                __lock___at_quick_exit_mutex
                0x2000049c                __lock___dd_hash_mutex
                0x200004a0                __lock___tz_mutex
                0x200004a4                __lock___sfp_recursive_mutex
                0x200004a8                . = ALIGN (0x4)
 *fill*         0x200004a5        0x3 
                0x200004a8                _ebss = .
                0x200004a8                __bss_end__ = _ebss

._user_heap_stack
                0x200004a8      0x400 load address 0x08001ad8
                0x200004a8                . = ALIGN (0x8)
                0x200004a8                PROVIDE (end, .)
                [!provide]                PROVIDE (_end, .)
                0x200004a8                . = (. + _Min_Heap_Size)
                0x200008a8                . = (. + _Min_Stack_Size)
 *fill*         0x200004a8      0x400 
                0x200008a8                . = ALIGN (0x8)

/DISCARD/
 libc.a(*)
 libm.a(*)
 libgcc.a(*)

.ARM.attributes
                0x00000000       0x30
 *(.ARM.attributes)
 .ARM.attributes
                0x00000000       0x22 c:/ac6/systemworkbench/plugins/fr.ac6.mcu.externaltools.arm-none.win32_1.15.0.201708311556/tools/compiler/bin/../lib/gcc/arm-none-eabi/6.3.1/thumb/v7e-m/fpv4-sp/hard/crti.o
 .ARM.attributes
                0x00000022       0x34 c:/ac6/systemworkbench/plugins/fr.ac6.mcu.externaltools.arm-none.win32_1.15.0.201708311556/tools/compiler/bin/../lib/gcc/arm-none-eabi/6.3.1/thumb/v7e-m/fpv4-sp/hard/crtbegin.o
 .ARM.attributes
                0x00000056       0x39 src/7seg.o
 .ARM.attributes
                0x0000008f       0x39 src/EXTI.o
 .ARM.attributes
                0x000000c8       0x39 src/Encoder.o
 .ARM.attributes
                0x00000101       0x39 src/PWM.o
 .ARM.attributes
                0x0000013a       0x39 src/led.o
 .ARM.attributes
                0x00000173       0x39 src/main.o
 .ARM.attributes
                0x000001ac       0x39 src/motor.o
 .ARM.attributes
                0x000001e5       0x21 startup/startup_stm32.o
 .ARM.attributes
                0x00000206       0x34 c:/ac6/systemworkbench/plugins/fr.ac6.mcu.externaltools.arm-none.win32_1.15.0.201708311556/tools/compiler/bin/../lib/gcc/arm-none-eabi/6.3.1/../../../../arm-none-eabi/lib/thumb/v7e-m/fpv4-sp/hard\libc.a(lib_a-impure.o)
 .ARM.attributes
                0x0000023a       0x34 c:/ac6/systemworkbench/plugins/fr.ac6.mcu.externaltools.arm-none.win32_1.15.0.201708311556/tools/compiler/bin/../lib/gcc/arm-none-eabi/6.3.1/../../../../arm-none-eabi/lib/thumb/v7e-m/fpv4-sp/hard\libc.a(lib_a-init.o)
 .ARM.attributes
                0x0000026e       0x34 c:/ac6/systemworkbench/plugins/fr.ac6.mcu.externaltools.arm-none.win32_1.15.0.201708311556/tools/compiler/bin/../lib/gcc/arm-none-eabi/6.3.1/../../../../arm-none-eabi/lib/thumb/v7e-m/fpv4-sp/hard\libc.a(lib_a-__call_atexit.o)
 .ARM.attributes
                0x000002a2       0x34 c:/ac6/systemworkbench/plugins/fr.ac6.mcu.externaltools.arm-none.win32_1.15.0.201708311556/tools/compiler/bin/../lib/gcc/arm-none-eabi/6.3.1/../../../../arm-none-eabi/lib/thumb/v7e-m/fpv4-sp/hard\libc.a(lib_a-atexit.o)
 .ARM.attributes
                0x000002d6       0x34 c:/ac6/systemworkbench/plugins/fr.ac6.mcu.externaltools.arm-none.win32_1.15.0.201708311556/tools/compiler/bin/../lib/gcc/arm-none-eabi/6.3.1/../../../../arm-none-eabi/lib/thumb/v7e-m/fpv4-sp/hard\libc.a(lib_a-fini.o)
 .ARM.attributes
                0x0000030a       0x34 c:/ac6/systemworkbench/plugins/fr.ac6.mcu.externaltools.arm-none.win32_1.15.0.201708311556/tools/compiler/bin/../lib/gcc/arm-none-eabi/6.3.1/../../../../arm-none-eabi/lib/thumb/v7e-m/fpv4-sp/hard\libc.a(lib_a-lock.o)
 .ARM.attributes
                0x0000033e       0x34 c:/ac6/systemworkbench/plugins/fr.ac6.mcu.externaltools.arm-none.win32_1.15.0.201708311556/tools/compiler/bin/../lib/gcc/arm-none-eabi/6.3.1/../../../../arm-none-eabi/lib/thumb/v7e-m/fpv4-sp/hard\libc.a(lib_a-__atexit.o)
 .ARM.attributes
                0x00000372       0x22 c:/ac6/systemworkbench/plugins/fr.ac6.mcu.externaltools.arm-none.win32_1.15.0.201708311556/tools/compiler/bin/../lib/gcc/arm-none-eabi/6.3.1/thumb/v7e-m/fpv4-sp/hard/crtn.o
OUTPUT(DHT11.elf elf32-littlearm)

.debug_info     0x00000000     0x3d72
 .debug_info    0x00000000      0x5cd src/7seg.o
 .debug_info    0x000005cd      0xa7d src/EXTI.o
 .debug_info    0x0000104a      0x3bf src/Encoder.o
 .debug_info    0x00001409      0x5d5 src/PWM.o
 .debug_info    0x000019de      0x3b2 src/led.o
 .debug_info    0x00001d90     0x1a90 src/main.o
 .debug_info    0x00003820      0x4ee src/motor.o
 .debug_info    0x00003d0e       0x64 startup/startup_stm32.o

.debug_abbrev   0x00000000      0xa8a
 .debug_abbrev  0x00000000      0x179 src/7seg.o
 .debug_abbrev  0x00000179      0x17f src/EXTI.o
 .debug_abbrev  0x000002f8       0xdf src/Encoder.o
 .debug_abbrev  0x000003d7       0xf3 src/PWM.o
 .debug_abbrev  0x000004ca       0xd0 src/led.o
 .debug_abbrev  0x0000059a      0x3cd src/main.o
 .debug_abbrev  0x00000967      0x111 src/motor.o
 .debug_abbrev  0x00000a78       0x12 startup/startup_stm32.o

.debug_aranges  0x00000000      0x1f0
 .debug_aranges
                0x00000000       0x50 src/7seg.o
 .debug_aranges
                0x00000050       0x38 src/EXTI.o
 .debug_aranges
                0x00000088       0x20 src/Encoder.o
 .debug_aranges
                0x000000a8       0x50 src/PWM.o
 .debug_aranges
                0x000000f8       0x20 src/led.o
 .debug_aranges
                0x00000118       0x78 src/main.o
 .debug_aranges
                0x00000190       0x38 src/motor.o
 .debug_aranges
                0x000001c8       0x28 startup/startup_stm32.o

.debug_ranges   0x00000000      0x178
 .debug_ranges  0x00000000       0x40 src/7seg.o
 .debug_ranges  0x00000040       0x28 src/EXTI.o
 .debug_ranges  0x00000068       0x10 src/Encoder.o
 .debug_ranges  0x00000078       0x40 src/PWM.o
 .debug_ranges  0x000000b8       0x10 src/led.o
 .debug_ranges  0x000000c8       0x68 src/main.o
 .debug_ranges  0x00000130       0x28 src/motor.o
 .debug_ranges  0x00000158       0x20 startup/startup_stm32.o

.debug_macro    0x00000000    0x374f4
 .debug_macro   0x00000000       0xc3 src/7seg.o
 .debug_macro   0x000000c3      0x8c2 src/7seg.o
 .debug_macro   0x00000985       0x28 src/7seg.o
 .debug_macro   0x000009ad       0x22 src/7seg.o
 .debug_macro   0x000009cf       0x87 src/7seg.o
 .debug_macro   0x00000a56       0x51 src/7seg.o
 .debug_macro   0x00000aa7       0xef src/7seg.o
 .debug_macro   0x00000b96       0x6a src/7seg.o
 .debug_macro   0x00000c00      0x1df src/7seg.o
 .debug_macro   0x00000ddf       0x35 src/7seg.o
 .debug_macro   0x00000e14       0x50 src/7seg.o
 .debug_macro   0x00000e64      0xe66 src/7seg.o
 .debug_macro   0x00001cca    0x1a16e src/7seg.o
 .debug_macro   0x0001be38      0x124 src/7seg.o
 .debug_macro   0x0001bf5c       0xb0 src/EXTI.o
 .debug_macro   0x0001c00c       0x28 src/EXTI.o
 .debug_macro   0x0001c034    0x1a16e src/EXTI.o
 .debug_macro   0x000361a2       0xb0 src/Encoder.o
 .debug_macro   0x00036252       0xb0 src/PWM.o
 .debug_macro   0x00036302       0xb0 src/led.o
 .debug_macro   0x000363b2      0x27a src/main.o
 .debug_macro   0x0003662c       0x52 src/main.o
 .debug_macro   0x0003667e       0x8d src/main.o
 .debug_macro   0x0003670b       0x35 src/main.o
 .debug_macro   0x00036740       0x9c src/main.o
 .debug_macro   0x000367dc       0x16 src/main.o
 .debug_macro   0x000367f2       0x57 src/main.o
 .debug_macro   0x00036849       0x97 src/main.o
 .debug_macro   0x000368e0      0x330 src/main.o
 .debug_macro   0x00036c10       0xfd src/main.o
 .debug_macro   0x00036d0d       0x10 src/main.o
 .debug_macro   0x00036d1d       0x58 src/main.o
 .debug_macro   0x00036d75       0x1f src/main.o
 .debug_macro   0x00036d94       0x43 src/main.o
 .debug_macro   0x00036dd7       0x20 src/main.o
 .debug_macro   0x00036df7      0x187 src/main.o
 .debug_macro   0x00036f7e       0x10 src/main.o
 .debug_macro   0x00036f8e       0x1c src/main.o
 .debug_macro   0x00036faa       0x52 src/main.o
 .debug_macro   0x00036ffc       0x40 src/main.o
 .debug_macro   0x0003703c       0x10 src/main.o
 .debug_macro   0x0003704c       0x40 src/main.o
 .debug_macro   0x0003708c       0xd7 src/main.o
 .debug_macro   0x00037163       0x16 src/main.o
 .debug_macro   0x00037179      0x18b src/main.o
 .debug_macro   0x00037304       0x16 src/main.o
 .debug_macro   0x0003731a      0x12a src/main.o
 .debug_macro   0x00037444       0xb0 src/motor.o

.debug_line     0x00000000     0x1cfa
 .debug_line    0x00000000      0x434 src/7seg.o
 .debug_line    0x00000434      0x391 src/EXTI.o
 .debug_line    0x000007c5      0x353 src/Encoder.o
 .debug_line    0x00000b18      0x3c1 src/PWM.o
 .debug_line    0x00000ed9      0x34b src/led.o
 .debug_line    0x00001224      0x6cd src/main.o
 .debug_line    0x000018f1      0x38d src/motor.o
 .debug_line    0x00001c7e       0x7c startup/startup_stm32.o

.debug_str      0x00000000    0x9ef5b
 .debug_str     0x00000000    0x9a591 src/7seg.o
                              0x9a744 (size before relaxing)
 .debug_str     0x0009a591      0x5ce src/EXTI.o
                              0x9a836 (size before relaxing)
 .debug_str     0x0009ab5f       0x1e src/Encoder.o
                              0x9a1fa (size before relaxing)
 .debug_str     0x0009ab7d       0xc3 src/PWM.o
                              0x9a29a (size before relaxing)
 .debug_str     0x0009ac40       0x1e src/led.o
                              0x9a1fa (size before relaxing)
 .debug_str     0x0009ac5e     0x42e4 src/main.o
                              0x9f15a (size before relaxing)
 .debug_str     0x0009ef42       0x19 src/motor.o
                              0x9a250 (size before relaxing)

.comment        0x00000000       0x7f
 .comment       0x00000000       0x7f src/7seg.o
                                 0x80 (size before relaxing)
 .comment       0x0000007f       0x80 src/EXTI.o
 .comment       0x0000007f       0x80 src/Encoder.o
 .comment       0x0000007f       0x80 src/PWM.o
 .comment       0x0000007f       0x80 src/led.o
 .comment       0x0000007f       0x80 src/main.o
 .comment       0x0000007f       0x80 src/motor.o

.debug_frame    0x00000000      0x780
 .debug_frame   0x00000000      0x124 src/7seg.o
 .debug_frame   0x00000124       0xa4 src/EXTI.o
 .debug_frame   0x000001c8       0x38 src/Encoder.o
 .debug_frame   0x00000200      0x118 src/PWM.o
 .debug_frame   0x00000318       0x38 src/led.o
 .debug_frame   0x00000350      0x1d0 src/main.o
 .debug_frame   0x00000520       0xa0 src/motor.o
 .debug_frame   0x000005c0       0x2c c:/ac6/systemworkbench/plugins/fr.ac6.mcu.externaltools.arm-none.win32_1.15.0.201708311556/tools/compiler/bin/../lib/gcc/arm-none-eabi/6.3.1/../../../../arm-none-eabi/lib/thumb/v7e-m/fpv4-sp/hard\libc.a(lib_a-init.o)
 .debug_frame   0x000005ec       0x5c c:/ac6/systemworkbench/plugins/fr.ac6.mcu.externaltools.arm-none.win32_1.15.0.201708311556/tools/compiler/bin/../lib/gcc/arm-none-eabi/6.3.1/../../../../arm-none-eabi/lib/thumb/v7e-m/fpv4-sp/hard\libc.a(lib_a-__call_atexit.o)
 .debug_frame   0x00000648       0x20 c:/ac6/systemworkbench/plugins/fr.ac6.mcu.externaltools.arm-none.win32_1.15.0.201708311556/tools/compiler/bin/../lib/gcc/arm-none-eabi/6.3.1/../../../../arm-none-eabi/lib/thumb/v7e-m/fpv4-sp/hard\libc.a(lib_a-atexit.o)
 .debug_frame   0x00000668       0x34 c:/ac6/systemworkbench/plugins/fr.ac6.mcu.externaltools.arm-none.win32_1.15.0.201708311556/tools/compiler/bin/../lib/gcc/arm-none-eabi/6.3.1/../../../../arm-none-eabi/lib/thumb/v7e-m/fpv4-sp/hard\libc.a(lib_a-fini.o)
 .debug_frame   0x0000069c       0xb0 c:/ac6/systemworkbench/plugins/fr.ac6.mcu.externaltools.arm-none.win32_1.15.0.201708311556/tools/compiler/bin/../lib/gcc/arm-none-eabi/6.3.1/../../../../arm-none-eabi/lib/thumb/v7e-m/fpv4-sp/hard\libc.a(lib_a-lock.o)
 .debug_frame   0x0000074c       0x34 c:/ac6/systemworkbench/plugins/fr.ac6.mcu.externaltools.arm-none.win32_1.15.0.201708311556/tools/compiler/bin/../lib/gcc/arm-none-eabi/6.3.1/../../../../arm-none-eabi/lib/thumb/v7e-m/fpv4-sp/hard\libc.a(lib_a-__atexit.o)
